// Copyright The OpenTelemetry Authors
// SPDX-License-Identifier: Apache-2.0

package main_test

import _ "unsafe"

// ProcessRequest is an external test function (package main_test). The rule
// uses has_package: main_test, whose declared name differs from the import-path
// tail "main". This is the discriminating case: target: main alone cannot
// distinguish this file from package main files in the same build; has_package
// is required. The non-matching counterpart is has-package-no-match, where the
// same import path is targeted with has_package: otherpkg and the rule is gated
// out because the declared name does not match.
func ProcessRequest(req string) (_unnamedRetVal0 error) {
	//line <generated>:1
	if hookContext3868073204, _ := OtelBeforeTrampoline_ProcessRequest3868073204(&req); false {
	} else {
		defer OtelAfterTrampoline_ProcessRequest3868073204(hookContext3868073204, &_unnamedRetVal0)
	}
	//line main_test.go:14:2
	println("processing:", req)
	//line main_test.go:15:2
	return nil
}

//line <generated>:1
type HookContextImpl3868073204 struct {
	params      []interface{}
	returnVals  []interface{}
	skipCall    bool
	data        interface{}
	funcName    string
	packageName string
}

func (c *HookContextImpl3868073204) SetSkipCall(skip bool)    { c.skipCall = skip }
func (c *HookContextImpl3868073204) IsSkipCall() bool         { return c.skipCall }
func (c *HookContextImpl3868073204) SetData(data interface{}) { c.data = data }
func (c *HookContextImpl3868073204) GetData() interface{}     { return c.data }
func (c *HookContextImpl3868073204) GetKeyData(key string) interface{} {
	if c.data == nil {
		return nil
	}
	return c.data.(map[string]interface{})[key]
}

func (c *HookContextImpl3868073204) SetKeyData(key string, val interface{}) {
	if c.data == nil {
		c.data = make(map[string]interface{})
	}
	c.data.(map[string]interface{})[key] = val
}

func (c *HookContextImpl3868073204) HasKeyData(key string) bool {
	if c.data == nil {
		return false
	}
	_, ok := c.data.(map[string]interface{})[key]
	return ok
}

func (c *HookContextImpl3868073204) GetParam(idx int) interface{} {
	switch idx {
	case 0:
		return *(c.params[0].(*string))
	}
	return nil
}

func (c *HookContextImpl3868073204) SetParam(idx int, val interface{}) {
	if val == nil {
		c.params[idx] = nil
		return
	}
	switch idx {
	case 0:
		*(c.params[0].(*string)) = val.(string)
	}
}

func (c *HookContextImpl3868073204) GetReturnVal(idx int) interface{} {
	switch idx {
	case 0:
		return *(c.returnVals[0].(*error))
	}
	return nil
}

func (c *HookContextImpl3868073204) SetReturnVal(idx int, val interface{}) {
	if val == nil {
		c.returnVals[idx] = nil
		return
	}
	switch idx {
	case 0:
		*(c.returnVals[0].(*error)) = val.(error)
	}
}
func (c *HookContextImpl3868073204) GetParamCount() int     { return len(c.params) }
func (c *HookContextImpl3868073204) GetReturnValCount() int { return len(c.returnVals) }
func (c *HookContextImpl3868073204) GetFuncName() string    { return c.funcName }
func (c *HookContextImpl3868073204) GetPackageName() string { return c.packageName }

// Trampoline Template
func OtelBeforeTrampoline_ProcessRequest3868073204(param0 *string) (hookContext *HookContextImpl3868073204, skipCall bool) {
	defer func() {
		if err := recover(); err != nil {
			println("failed to exec Before hook", "BeforeProcessRequest")
			if e, ok := err.(error); ok {
				println(e.Error())
			}
			fetchStack, printStack := OtelGetStackImpl, OtelPrintStackImpl
			if fetchStack != nil && printStack != nil {
				printStack(fetchStack())
			}
		}
	}()
	hookContext = &HookContextImpl3868073204{}
	hookContext.params = []interface{}{param0}
	hookContext.funcName = "ProcessRequest"
	hookContext.packageName = "main_test"
	if BeforeProcessRequest != nil {
		BeforeProcessRequest(hookContext, *param0)
	}
	return hookContext, hookContext.skipCall
}

func OtelAfterTrampoline_ProcessRequest3868073204(hookContext HookContext, arg0 *error) {
	defer func() {
		if err := recover(); err != nil {
			println("failed to exec After hook", "AfterProcessRequest")
			if e, ok := err.(error); ok {
				println(e.Error())
			}
			fetchStack, printStack := OtelGetStackImpl, OtelPrintStackImpl
			if fetchStack != nil && printStack != nil {
				printStack(fetchStack())
			}
		}
	}()
	hookContext.(*HookContextImpl3868073204).returnVals = []interface{}{arg0}
	if AfterProcessRequest != nil {
		AfterProcessRequest(hookContext, *arg0)
	}
}

//go:linkname BeforeProcessRequest testdata/golden/has-package-match.BeforeProcessRequest
func BeforeProcessRequest(hookContext HookContext, param0 string)

//go:linkname AfterProcessRequest testdata/golden/has-package-match.AfterProcessRequest
func AfterProcessRequest(hookContext HookContext, arg0 error)
